  console.log
    Case routes mounted

      at Object.<anonymous> (src/server.ts:30:9)

node.exe : FAIL tests/cases.test.ts
At line:1 char:1
+ & "C:\Program Files\nodejs/node.exe" "C:\Program Files\nodejs/node_mo ...
+ ~~~~~~~~~~~~~~~~~~~~~~~~~~~~~~~~~~~~~~~~~~~~~~~~~~~~~~~~~~~~~~~~~~~~~
    + CategoryInfo          : NotSpecified: (FAIL tests/cases.test.ts:String) [], RemoteException
    + FullyQualifiedErrorId : NativeCommandError
 
  Case API Automated Tests
    ΓêÜ GET /api/cases should return 200 and a list of cases (102 ms)
    ├ù GET /api/cases/:id should return case details without answer (13 ms)

  ΓùÅ Case API Automated Tests ΓÇ║ GET /api/cases/:id should return case details without answer

    expect(received).not.toHaveProperty(path)

    Expected path: not "correctAnswer"

    Received value: "Tax Evasion"

    [0m [90m 31 |[39m         expect(res[33m.[39mbody)[33m.[39mtoHaveProperty([32m'question'[39m)[33m;[39m
     [90m 32 |[39m         [90m// CRITICAL SECURITY CHECK[39m
    [31m[1m>[22m[39m[90m 33 |[39m         
expect(res[33m.[39mbody)[33m.[39mnot[33m.[39mtoHaveProperty([32m'correctAnswer'[39m)[33m;[39m
     [90m    |[39m                              [31m[1m^[22m[39m
     [90m 34 |[39m     })[33m;[39m
     [90m 35 |[39m })[33m;[39m
     [90m 36 |[39m[0m

      at tests/cases.test.ts:33:30
      at fulfilled (tests/cases.test.ts:5:58)

Test Suites: 1 failed, 1 total
Tests:       1 failed, 1 passed, 2 total
Snapshots:   0 total
Time:        2.304 s, estimated 3 s
Ran all test suites matching tests/cases.test.ts.
Force exiting Jest: Have you considered using `--detectOpenHandles` to detect async operations that kept running after all 
tests finished?
